# serializer version: 1
# name: test_formatting
  list([
    '<p>Q. This is a <em>question</em>?</p>',
    '<p>FakeAnswer</p>',
    '''
      <a href="FakeEditURL" style="background-color: #5f0069;
      border: none;
      color: white;
      padding: 0.8em;
      text-align: center;
      text-decoration: none;
      font-size: 0.8em;
      font-family: 'Inter', sans-serif;
      float: right;
      border-radius: 8px;
      opacity: 0.8;
      ">Obsidian</a>
    ''',
    '0',
  ])
# ---
